../Drivers/CMSIS/Include/core_cm7.h:2491:22:SCB_CleanDCache_by_Addr	32	static,ignoring_inline_asm
../Core/Src/main.c:175:5:main	56	static
../Core/Src/main.c:313:6:SystemClock_Config	88	static
../Core/Src/main.c:370:6:PeriphCommonClock_Config	144	static
../Core/Src/main.c:398:13:MX_ADC3_Init	24	static
../Core/Src/main.c:450:13:MX_CRC_Init	8	static
../Core/Src/main.c:481:13:MX_DCMI_Init	8	static
../Core/Src/main.c:518:13:MX_DMA2D_Init	8	static
../Core/Src/main.c:555:13:MX_ETH_Init	8	static
../Core/Src/main.c:604:13:MX_I2C1_Init	8	static
../Core/Src/main.c:652:13:MX_I2C3_Init	8	static
../Core/Src/main.c:700:13:MX_LTDC_Init	64	static
../Core/Src/main.c:762:13:MX_QUADSPI_Init	8	static
../Core/Src/main.c:797:13:MX_RTC_Init	72	static
../Core/Src/main.c:893:13:MX_SAI2_Init	8	static
../Core/Src/main.c:942:13:MX_SDMMC1_SD_Init	4	static
../Core/Src/main.c:970:13:MX_SPDIFRX_Init	8	static
../Core/Src/main.c:1006:13:MX_SPI2_Init	8	static
../Core/Src/main.c:1046:13:MX_TIM1_Init	112	static
../Core/Src/main.c:1126:13:MX_TIM2_Init	64	static
../Core/Src/main.c:1185:13:MX_TIM3_Init	64	static
../Core/Src/main.c:1244:13:MX_TIM5_Init	64	static
../Core/Src/main.c:1303:13:MX_TIM8_Init	40	static
../Core/Src/main.c:1350:13:MX_TIM12_Init	40	static
../Core/Src/main.c:1392:13:MX_USART1_UART_Init	8	static
../Core/Src/main.c:1427:13:MX_USART6_UART_Init	8	static
../Core/Src/main.c:1460:13:MX_DMA_Init	16	static
../Core/Src/main.c:1477:13:MX_FMC_Init	40	static
../Core/Src/main.c:1528:13:MX_GPIO_Init	72	static
../Core/Src/main.c:1689:6:BSP_AUDIO_IN_TransferComplete_CallBack	16	static
../Core/Src/main.c:1710:6:BSP_AUDIO_OUT_TransferComplete_CallBack	4	static
../Core/Src/main.c:1717:6:User_MPU_Config	24	static
../Core/Src/main.c:1769:6:StartDefaultTask	16	static
../Core/Src/main.c:1784:6:MPU_Config	24	static
../Core/Src/main.c:1819:6:HAL_TIM_PeriodElapsedCallback	16	static
../Core/Src/main.c:1837:6:Error_Handler	4	static,ignoring_inline_asm
