../Drivers/CMSIS/Include/core_cm7.h:2491:22:SCB_CleanDCache_by_Addr	32	static,ignoring_inline_asm
../Core/Src/main.c:165:6:Codec_WriteReg	40	static
../Core/Src/main.c:173:6:Init_WM8994_Mic	8	static
../Core/Src/main.c:222:5:main	48	static
../Core/Src/main.c:376:6:SystemClock_Config	88	static
../Core/Src/main.c:433:6:PeriphCommonClock_Config	144	static
../Core/Src/main.c:461:13:MX_ADC3_Init	24	static
../Core/Src/main.c:513:13:MX_CRC_Init	8	static
../Core/Src/main.c:544:13:MX_DCMI_Init	8	static
../Core/Src/main.c:581:13:MX_DMA2D_Init	8	static
../Core/Src/main.c:618:13:MX_ETH_Init	8	static
../Core/Src/main.c:667:13:MX_I2C1_Init	8	static
../Core/Src/main.c:715:13:MX_I2C3_Init	8	static
../Core/Src/main.c:763:13:MX_LTDC_Init	64	static
../Core/Src/main.c:825:13:MX_QUADSPI_Init	8	static
../Core/Src/main.c:860:13:MX_RTC_Init	72	static
../Core/Src/main.c:956:13:MX_SAI2_Init	8	static
../Core/Src/main.c:1005:13:MX_SDMMC1_SD_Init	4	static
../Core/Src/main.c:1033:13:MX_SPDIFRX_Init	8	static
../Core/Src/main.c:1069:13:MX_SPI2_Init	8	static
../Core/Src/main.c:1109:13:MX_TIM1_Init	112	static
../Core/Src/main.c:1189:13:MX_TIM2_Init	64	static
../Core/Src/main.c:1248:13:MX_TIM3_Init	64	static
../Core/Src/main.c:1307:13:MX_TIM5_Init	64	static
../Core/Src/main.c:1366:13:MX_TIM8_Init	40	static
../Core/Src/main.c:1413:13:MX_TIM12_Init	40	static
../Core/Src/main.c:1455:13:MX_USART1_UART_Init	8	static
../Core/Src/main.c:1490:13:MX_USART6_UART_Init	8	static
../Core/Src/main.c:1523:13:MX_DMA_Init	16	static
../Core/Src/main.c:1540:13:MX_FMC_Init	40	static
../Core/Src/main.c:1591:13:MX_GPIO_Init	72	static
../Core/Src/main.c:1752:6:BSP_AUDIO_IN_TransferComplete_CallBack	16	static
../Core/Src/main.c:1773:6:BSP_AUDIO_OUT_TransferComplete_CallBack	4	static
../Core/Src/main.c:1780:6:User_MPU_Config	24	static
../Core/Src/main.c:1832:6:StartDefaultTask	16	static
../Core/Src/main.c:1847:6:MPU_Config	24	static
../Core/Src/main.c:1882:6:HAL_TIM_PeriodElapsedCallback	16	static
../Core/Src/main.c:1900:6:Error_Handler	4	static,ignoring_inline_asm
