../Drivers/CMSIS/Include/core_cm7.h:2319:22:SCB_DisableDCache	24	static,ignoring_inline_asm
../Drivers/CMSIS/Include/core_cm7.h:2464:22:SCB_InvalidateDCache_by_Addr	32	static,ignoring_inline_asm
../Core/Src/main.c:168:5:main	48	static
../Core/Src/main.c:286:6:SystemClock_Config	88	static
../Core/Src/main.c:343:6:PeriphCommonClock_Config	144	static
../Core/Src/main.c:371:13:MX_ADC3_Init	24	static
../Core/Src/main.c:423:13:MX_CRC_Init	8	static
../Core/Src/main.c:454:13:MX_DCMI_Init	8	static
../Core/Src/main.c:491:13:MX_DMA2D_Init	8	static
../Core/Src/main.c:528:13:MX_ETH_Init	8	static
../Core/Src/main.c:577:13:MX_I2C1_Init	8	static
../Core/Src/main.c:625:13:MX_I2C3_Init	8	static
../Core/Src/main.c:673:13:MX_LTDC_Init	64	static
../Core/Src/main.c:735:13:MX_QUADSPI_Init	8	static
../Core/Src/main.c:770:13:MX_RTC_Init	72	static
../Core/Src/main.c:866:13:MX_SAI2_Init	8	static
../Core/Src/main.c:915:13:MX_SDMMC1_SD_Init	4	static
../Core/Src/main.c:943:13:MX_SPDIFRX_Init	8	static
../Core/Src/main.c:979:13:MX_SPI2_Init	8	static
../Core/Src/main.c:1019:13:MX_TIM1_Init	112	static
../Core/Src/main.c:1099:13:MX_TIM2_Init	64	static
../Core/Src/main.c:1158:13:MX_TIM3_Init	64	static
../Core/Src/main.c:1217:13:MX_TIM5_Init	64	static
../Core/Src/main.c:1276:13:MX_TIM8_Init	40	static
../Core/Src/main.c:1323:13:MX_TIM12_Init	40	static
../Core/Src/main.c:1365:13:MX_USART1_UART_Init	8	static
../Core/Src/main.c:1400:13:MX_USART6_UART_Init	8	static
../Core/Src/main.c:1433:13:MX_DMA_Init	16	static
../Core/Src/main.c:1450:13:MX_FMC_Init	40	static
../Core/Src/main.c:1501:13:MX_GPIO_Init	72	static
../Core/Src/main.c:1662:6:HAL_SAI_RxCpltCallback	16	static
../Core/Src/main.c:1673:6:User_MPU_Config	24	static
../Core/Src/main.c:1724:6:StartDefaultTask	16	static
../Core/Src/main.c:1739:6:MPU_Config	24	static
../Core/Src/main.c:1774:6:HAL_TIM_PeriodElapsedCallback	16	static
../Core/Src/main.c:1792:6:Error_Handler	4	static,ignoring_inline_asm
