../Drivers/CMSIS/Include/core_cm7.h:2491:22:SCB_CleanDCache_by_Addr	2
../Core/Src/main.c:186:6:LCD_DrawPixel	3
../Core/Src/main.c:195:6:LCD_DrawHLine	2
../Core/Src/main.c:203:6:LCD_ClearArea	1
../Core/Src/main.c:267:6:LCD_DrawWaveforms	8
../Core/Src/main.c:299:5:main	4
../Core/Src/main.c:439:6:SystemClock_Config	4
../Core/Src/main.c:496:6:PeriphCommonClock_Config	2
../Core/Src/main.c:524:13:MX_ADC3_Init	3
../Core/Src/main.c:576:13:MX_CRC_Init	2
../Core/Src/main.c:607:13:MX_DCMI_Init	2
../Core/Src/main.c:644:13:MX_DMA2D_Init	3
../Core/Src/main.c:681:13:MX_ETH_Init	2
../Core/Src/main.c:730:13:MX_I2C1_Init	4
../Core/Src/main.c:778:13:MX_I2C3_Init	4
../Core/Src/main.c:826:13:MX_LTDC_Init	3
../Core/Src/main.c:888:13:MX_QUADSPI_Init	2
../Core/Src/main.c:923:13:MX_RTC_Init	7
../Core/Src/main.c:1019:13:MX_SAI2_Init	3
../Core/Src/main.c:1068:13:MX_SDMMC1_SD_Init	1
../Core/Src/main.c:1096:13:MX_SPDIFRX_Init	2
../Core/Src/main.c:1132:13:MX_SPI2_Init	2
../Core/Src/main.c:1172:13:MX_TIM1_Init	7
../Core/Src/main.c:1252:13:MX_TIM2_Init	6
../Core/Src/main.c:1311:13:MX_TIM3_Init	6
../Core/Src/main.c:1370:13:MX_TIM5_Init	6
../Core/Src/main.c:1429:13:MX_TIM8_Init	4
../Core/Src/main.c:1476:13:MX_TIM12_Init	3
../Core/Src/main.c:1518:13:MX_USART1_UART_Init	2
../Core/Src/main.c:1553:13:MX_USART6_UART_Init	2
../Core/Src/main.c:1586:13:MX_DMA_Init	1
../Core/Src/main.c:1603:13:MX_FMC_Init	2
../Core/Src/main.c:1654:13:MX_GPIO_Init	1
../Core/Src/main.c:1815:6:BSP_AUDIO_IN_TransferComplete_CallBack	4
../Core/Src/main.c:1847:6:BSP_AUDIO_OUT_TransferComplete_CallBack	1
../Core/Src/main.c:1854:6:User_MPU_Config	1
../Core/Src/main.c:1967:6:StartDefaultTask	3
../Core/Src/main.c:1997:6:MPU_Config	1
../Core/Src/main.c:2032:6:HAL_TIM_PeriodElapsedCallback	2
../Core/Src/main.c:2050:6:Error_Handler	1
