../Drivers/CMSIS/Include/core_cm7.h:2491:22:SCB_CleanDCache_by_Addr	2
../Core/Src/main.c:165:6:Codec_WriteReg	1
../Core/Src/main.c:173:6:Init_WM8994_Mic	1
../Core/Src/main.c:222:5:main	5
../Core/Src/main.c:380:6:SystemClock_Config	4
../Core/Src/main.c:437:6:PeriphCommonClock_Config	2
../Core/Src/main.c:465:13:MX_ADC3_Init	3
../Core/Src/main.c:517:13:MX_CRC_Init	2
../Core/Src/main.c:548:13:MX_DCMI_Init	2
../Core/Src/main.c:585:13:MX_DMA2D_Init	3
../Core/Src/main.c:622:13:MX_ETH_Init	2
../Core/Src/main.c:671:13:MX_I2C1_Init	4
../Core/Src/main.c:719:13:MX_I2C3_Init	4
../Core/Src/main.c:767:13:MX_LTDC_Init	3
../Core/Src/main.c:829:13:MX_QUADSPI_Init	2
../Core/Src/main.c:864:13:MX_RTC_Init	7
../Core/Src/main.c:960:13:MX_SAI2_Init	3
../Core/Src/main.c:1009:13:MX_SDMMC1_SD_Init	1
../Core/Src/main.c:1037:13:MX_SPDIFRX_Init	2
../Core/Src/main.c:1073:13:MX_SPI2_Init	2
../Core/Src/main.c:1113:13:MX_TIM1_Init	7
../Core/Src/main.c:1193:13:MX_TIM2_Init	6
../Core/Src/main.c:1252:13:MX_TIM3_Init	6
../Core/Src/main.c:1311:13:MX_TIM5_Init	6
../Core/Src/main.c:1370:13:MX_TIM8_Init	4
../Core/Src/main.c:1417:13:MX_TIM12_Init	3
../Core/Src/main.c:1459:13:MX_USART1_UART_Init	2
../Core/Src/main.c:1494:13:MX_USART6_UART_Init	2
../Core/Src/main.c:1527:13:MX_DMA_Init	1
../Core/Src/main.c:1544:13:MX_FMC_Init	2
../Core/Src/main.c:1595:13:MX_GPIO_Init	1
../Core/Src/main.c:1756:6:BSP_AUDIO_IN_TransferComplete_CallBack	2
../Core/Src/main.c:1777:6:BSP_AUDIO_OUT_TransferComplete_CallBack	1
../Core/Src/main.c:1784:6:User_MPU_Config	1
../Core/Src/main.c:1836:6:StartDefaultTask	1
../Core/Src/main.c:1851:6:MPU_Config	1
../Core/Src/main.c:1886:6:HAL_TIM_PeriodElapsedCallback	2
../Core/Src/main.c:1904:6:Error_Handler	1
