../Drivers/CMSIS/Include/core_cm7.h:2319:22:SCB_DisableDCache	24	static,ignoring_inline_asm
../Drivers/CMSIS/Include/core_cm7.h:2464:22:SCB_InvalidateDCache_by_Addr	32	static,ignoring_inline_asm
../Core/Src/main.c:165:5:main	48	static
../Core/Src/main.c:282:6:SystemClock_Config	88	static
../Core/Src/main.c:339:6:PeriphCommonClock_Config	144	static
../Core/Src/main.c:367:13:MX_ADC3_Init	24	static
../Core/Src/main.c:419:13:MX_CRC_Init	8	static
../Core/Src/main.c:450:13:MX_DCMI_Init	8	static
../Core/Src/main.c:487:13:MX_DMA2D_Init	8	static
../Core/Src/main.c:524:13:MX_ETH_Init	8	static
../Core/Src/main.c:573:13:MX_I2C1_Init	8	static
../Core/Src/main.c:621:13:MX_I2C3_Init	8	static
../Core/Src/main.c:669:13:MX_LTDC_Init	64	static
../Core/Src/main.c:731:13:MX_QUADSPI_Init	8	static
../Core/Src/main.c:766:13:MX_RTC_Init	72	static
../Core/Src/main.c:862:13:MX_SAI2_Init	8	static
../Core/Src/main.c:911:13:MX_SDMMC1_SD_Init	4	static
../Core/Src/main.c:939:13:MX_SPDIFRX_Init	8	static
../Core/Src/main.c:975:13:MX_SPI2_Init	8	static
../Core/Src/main.c:1015:13:MX_TIM1_Init	112	static
../Core/Src/main.c:1095:13:MX_TIM2_Init	64	static
../Core/Src/main.c:1154:13:MX_TIM3_Init	64	static
../Core/Src/main.c:1213:13:MX_TIM5_Init	64	static
../Core/Src/main.c:1272:13:MX_TIM8_Init	40	static
../Core/Src/main.c:1319:13:MX_TIM12_Init	40	static
../Core/Src/main.c:1361:13:MX_USART1_UART_Init	8	static
../Core/Src/main.c:1396:13:MX_USART6_UART_Init	8	static
../Core/Src/main.c:1429:13:MX_DMA_Init	16	static
../Core/Src/main.c:1446:13:MX_FMC_Init	40	static
../Core/Src/main.c:1497:13:MX_GPIO_Init	72	static
../Core/Src/main.c:1658:6:HAL_SAI_RxCpltCallback	16	static
../Core/Src/main.c:1677:6:StartDefaultTask	16	static
../Core/Src/main.c:1692:6:MPU_Config	24	static
../Core/Src/main.c:1727:6:HAL_TIM_PeriodElapsedCallback	16	static
../Core/Src/main.c:1745:6:Error_Handler	4	static,ignoring_inline_asm
