../Drivers/CMSIS/Include/core_cm7.h:2491:22:SCB_CleanDCache_by_Addr	32	static,ignoring_inline_asm
../Core/Src/main.c:186:6:LCD_DrawPixel	24	static
../Core/Src/main.c:195:6:LCD_DrawHLine	32	static
../Core/Src/main.c:205:6:LCD_ClearArea	32	static
../Core/Src/main.c:220:6:LCD_DrawWaveforms	24	static
../Core/Src/main.c:261:5:main	56	static
../Core/Src/main.c:401:6:SystemClock_Config	88	static
../Core/Src/main.c:458:6:PeriphCommonClock_Config	144	static
../Core/Src/main.c:486:13:MX_ADC3_Init	24	static
../Core/Src/main.c:538:13:MX_CRC_Init	8	static
../Core/Src/main.c:569:13:MX_DCMI_Init	8	static
../Core/Src/main.c:606:13:MX_DMA2D_Init	8	static
../Core/Src/main.c:643:13:MX_ETH_Init	8	static
../Core/Src/main.c:692:13:MX_I2C1_Init	8	static
../Core/Src/main.c:740:13:MX_I2C3_Init	8	static
../Core/Src/main.c:788:13:MX_LTDC_Init	64	static
../Core/Src/main.c:850:13:MX_QUADSPI_Init	8	static
../Core/Src/main.c:885:13:MX_RTC_Init	72	static
../Core/Src/main.c:981:13:MX_SAI2_Init	8	static
../Core/Src/main.c:1030:13:MX_SDMMC1_SD_Init	4	static
../Core/Src/main.c:1058:13:MX_SPDIFRX_Init	8	static
../Core/Src/main.c:1094:13:MX_SPI2_Init	8	static
../Core/Src/main.c:1134:13:MX_TIM1_Init	112	static
../Core/Src/main.c:1214:13:MX_TIM2_Init	64	static
../Core/Src/main.c:1273:13:MX_TIM3_Init	64	static
../Core/Src/main.c:1332:13:MX_TIM5_Init	64	static
../Core/Src/main.c:1391:13:MX_TIM8_Init	40	static
../Core/Src/main.c:1438:13:MX_TIM12_Init	40	static
../Core/Src/main.c:1480:13:MX_USART1_UART_Init	8	static
../Core/Src/main.c:1515:13:MX_USART6_UART_Init	8	static
../Core/Src/main.c:1548:13:MX_DMA_Init	16	static
../Core/Src/main.c:1565:13:MX_FMC_Init	40	static
../Core/Src/main.c:1616:13:MX_GPIO_Init	72	static
../Core/Src/main.c:1777:6:BSP_AUDIO_IN_TransferComplete_CallBack	24	static
../Core/Src/main.c:1809:6:BSP_AUDIO_OUT_TransferComplete_CallBack	4	static
../Core/Src/main.c:1816:6:User_MPU_Config	24	static
../Core/Src/main.c:1884:6:StartDefaultTask	32	static
../Core/Src/main.c:1916:6:MPU_Config	24	static
../Core/Src/main.c:1951:6:HAL_TIM_PeriodElapsedCallback	16	static
../Core/Src/main.c:1969:6:Error_Handler	4	static,ignoring_inline_asm
