../Drivers/CMSIS/Include/core_cm7.h:2491:22:SCB_CleanDCache_by_Addr	32	static,ignoring_inline_asm
../Core/Src/main.c:187:6:LCD_DrawPixel	24	static
../Core/Src/main.c:196:6:LCD_DrawHLine	32	static
../Core/Src/main.c:204:6:LCD_ClearArea	40	static
../Core/Src/main.c:268:6:LCD_DrawWaveforms	24	static
../Core/Src/main.c:309:5:main	56	static
../Core/Src/main.c:453:6:SystemClock_Config	88	static
../Core/Src/main.c:510:6:PeriphCommonClock_Config	144	static
../Core/Src/main.c:538:13:MX_ADC3_Init	24	static
../Core/Src/main.c:590:13:MX_CRC_Init	8	static
../Core/Src/main.c:621:13:MX_DCMI_Init	8	static
../Core/Src/main.c:658:13:MX_DMA2D_Init	8	static
../Core/Src/main.c:695:13:MX_ETH_Init	8	static
../Core/Src/main.c:744:13:MX_I2C1_Init	8	static
../Core/Src/main.c:792:13:MX_I2C3_Init	8	static
../Core/Src/main.c:840:13:MX_LTDC_Init	64	static
../Core/Src/main.c:902:13:MX_QUADSPI_Init	8	static
../Core/Src/main.c:937:13:MX_RTC_Init	72	static
../Core/Src/main.c:1033:13:MX_SAI2_Init	8	static
../Core/Src/main.c:1082:13:MX_SDMMC1_SD_Init	4	static
../Core/Src/main.c:1110:13:MX_SPDIFRX_Init	8	static
../Core/Src/main.c:1146:13:MX_SPI2_Init	8	static
../Core/Src/main.c:1186:13:MX_TIM1_Init	112	static
../Core/Src/main.c:1266:13:MX_TIM2_Init	64	static
../Core/Src/main.c:1325:13:MX_TIM3_Init	64	static
../Core/Src/main.c:1384:13:MX_TIM5_Init	64	static
../Core/Src/main.c:1443:13:MX_TIM8_Init	40	static
../Core/Src/main.c:1490:13:MX_TIM12_Init	40	static
../Core/Src/main.c:1532:13:MX_USART1_UART_Init	8	static
../Core/Src/main.c:1567:13:MX_USART6_UART_Init	8	static
../Core/Src/main.c:1600:13:MX_DMA_Init	16	static
../Core/Src/main.c:1617:13:MX_FMC_Init	40	static
../Core/Src/main.c:1668:13:MX_GPIO_Init	72	static
../Core/Src/main.c:1829:6:BSP_AUDIO_IN_TransferComplete_CallBack	24	static
../Core/Src/main.c:1861:6:BSP_AUDIO_OUT_TransferComplete_CallBack	4	static
../Core/Src/main.c:1868:6:User_MPU_Config	24	static
../Core/Src/main.c:1981:6:StartDefaultTask	32	static
../Core/Src/main.c:2011:6:MPU_Config	24	static
../Core/Src/main.c:2046:6:HAL_TIM_PeriodElapsedCallback	16	static
../Core/Src/main.c:2064:6:Error_Handler	4	static,ignoring_inline_asm
