../Drivers/CMSIS/Include/core_cm7.h:2491:22:SCB_CleanDCache_by_Addr	32	static,ignoring_inline_asm
../Core/Src/main.c:165:6:Codec_WriteReg	40	static
../Core/Src/main.c:173:6:Init_WM8994_Mic	8	static
../Core/Src/main.c:222:5:main	48	static
../Core/Src/main.c:385:6:SystemClock_Config	88	static
../Core/Src/main.c:442:6:PeriphCommonClock_Config	144	static
../Core/Src/main.c:470:13:MX_ADC3_Init	24	static
../Core/Src/main.c:522:13:MX_CRC_Init	8	static
../Core/Src/main.c:553:13:MX_DCMI_Init	8	static
../Core/Src/main.c:590:13:MX_DMA2D_Init	8	static
../Core/Src/main.c:627:13:MX_ETH_Init	8	static
../Core/Src/main.c:676:13:MX_I2C1_Init	8	static
../Core/Src/main.c:724:13:MX_I2C3_Init	8	static
../Core/Src/main.c:772:13:MX_LTDC_Init	64	static
../Core/Src/main.c:834:13:MX_QUADSPI_Init	8	static
../Core/Src/main.c:869:13:MX_RTC_Init	72	static
../Core/Src/main.c:965:13:MX_SAI2_Init	8	static
../Core/Src/main.c:1014:13:MX_SDMMC1_SD_Init	4	static
../Core/Src/main.c:1042:13:MX_SPDIFRX_Init	8	static
../Core/Src/main.c:1078:13:MX_SPI2_Init	8	static
../Core/Src/main.c:1118:13:MX_TIM1_Init	112	static
../Core/Src/main.c:1198:13:MX_TIM2_Init	64	static
../Core/Src/main.c:1257:13:MX_TIM3_Init	64	static
../Core/Src/main.c:1316:13:MX_TIM5_Init	64	static
../Core/Src/main.c:1375:13:MX_TIM8_Init	40	static
../Core/Src/main.c:1422:13:MX_TIM12_Init	40	static
../Core/Src/main.c:1464:13:MX_USART1_UART_Init	8	static
../Core/Src/main.c:1499:13:MX_USART6_UART_Init	8	static
../Core/Src/main.c:1532:13:MX_DMA_Init	16	static
../Core/Src/main.c:1549:13:MX_FMC_Init	40	static
../Core/Src/main.c:1600:13:MX_GPIO_Init	72	static
../Core/Src/main.c:1761:6:BSP_AUDIO_IN_TransferComplete_CallBack	16	static
../Core/Src/main.c:1782:6:BSP_AUDIO_OUT_TransferComplete_CallBack	4	static
../Core/Src/main.c:1789:6:User_MPU_Config	24	static
../Core/Src/main.c:1841:6:StartDefaultTask	16	static
../Core/Src/main.c:1856:6:MPU_Config	24	static
../Core/Src/main.c:1891:6:HAL_TIM_PeriodElapsedCallback	16	static
../Core/Src/main.c:1909:6:Error_Handler	4	static,ignoring_inline_asm
