../Core/Src/main.c:157:5:main	48	static
../Core/Src/main.c:262:6:SystemClock_Config	88	static
../Core/Src/main.c:319:6:PeriphCommonClock_Config	144	static
../Core/Src/main.c:347:13:MX_ADC3_Init	24	static
../Core/Src/main.c:399:13:MX_CRC_Init	8	static
../Core/Src/main.c:430:13:MX_DCMI_Init	8	static
../Core/Src/main.c:467:13:MX_DMA2D_Init	8	static
../Core/Src/main.c:504:13:MX_ETH_Init	8	static
../Core/Src/main.c:553:13:MX_I2C1_Init	8	static
../Core/Src/main.c:601:13:MX_I2C3_Init	8	static
../Core/Src/main.c:649:13:MX_LTDC_Init	64	static
../Core/Src/main.c:711:13:MX_QUADSPI_Init	8	static
../Core/Src/main.c:746:13:MX_RTC_Init	72	static
../Core/Src/main.c:842:13:MX_SAI2_Init	8	static
../Core/Src/main.c:891:13:MX_SDMMC1_SD_Init	4	static
../Core/Src/main.c:919:13:MX_SPDIFRX_Init	8	static
../Core/Src/main.c:955:13:MX_SPI2_Init	8	static
../Core/Src/main.c:995:13:MX_TIM1_Init	112	static
../Core/Src/main.c:1075:13:MX_TIM2_Init	64	static
../Core/Src/main.c:1134:13:MX_TIM3_Init	64	static
../Core/Src/main.c:1193:13:MX_TIM5_Init	64	static
../Core/Src/main.c:1252:13:MX_TIM8_Init	40	static
../Core/Src/main.c:1299:13:MX_TIM12_Init	40	static
../Core/Src/main.c:1341:13:MX_USART1_UART_Init	8	static
../Core/Src/main.c:1376:13:MX_USART6_UART_Init	8	static
../Core/Src/main.c:1409:13:MX_DMA_Init	16	static
../Core/Src/main.c:1426:13:MX_FMC_Init	40	static
../Core/Src/main.c:1477:13:MX_GPIO_Init	72	static
../Core/Src/main.c:1648:6:StartDefaultTask	16	static
../Core/Src/main.c:1663:6:MPU_Config	24	static
../Core/Src/main.c:1698:6:HAL_TIM_PeriodElapsedCallback	16	static
../Core/Src/main.c:1716:6:Error_Handler	4	static,ignoring_inline_asm
