../Core/Src/main.c:159:5:main	48	static
../Core/Src/main.c:268:6:SystemClock_Config	88	static
../Core/Src/main.c:325:6:PeriphCommonClock_Config	144	static
../Core/Src/main.c:353:13:MX_ADC3_Init	24	static
../Core/Src/main.c:405:13:MX_CRC_Init	8	static
../Core/Src/main.c:436:13:MX_DCMI_Init	8	static
../Core/Src/main.c:473:13:MX_DMA2D_Init	8	static
../Core/Src/main.c:510:13:MX_ETH_Init	8	static
../Core/Src/main.c:559:13:MX_I2C1_Init	8	static
../Core/Src/main.c:607:13:MX_I2C3_Init	8	static
../Core/Src/main.c:655:13:MX_LTDC_Init	64	static
../Core/Src/main.c:717:13:MX_QUADSPI_Init	8	static
../Core/Src/main.c:752:13:MX_RTC_Init	72	static
../Core/Src/main.c:848:13:MX_SAI2_Init	8	static
../Core/Src/main.c:897:13:MX_SDMMC1_SD_Init	4	static
../Core/Src/main.c:925:13:MX_SPDIFRX_Init	8	static
../Core/Src/main.c:961:13:MX_SPI2_Init	8	static
../Core/Src/main.c:1001:13:MX_TIM1_Init	112	static
../Core/Src/main.c:1081:13:MX_TIM2_Init	64	static
../Core/Src/main.c:1140:13:MX_TIM3_Init	64	static
../Core/Src/main.c:1199:13:MX_TIM5_Init	64	static
../Core/Src/main.c:1258:13:MX_TIM8_Init	40	static
../Core/Src/main.c:1305:13:MX_TIM12_Init	40	static
../Core/Src/main.c:1347:13:MX_USART1_UART_Init	8	static
../Core/Src/main.c:1382:13:MX_USART6_UART_Init	8	static
../Core/Src/main.c:1415:13:MX_DMA_Init	16	static
../Core/Src/main.c:1432:13:MX_FMC_Init	40	static
../Core/Src/main.c:1483:13:MX_GPIO_Init	72	static
../Core/Src/main.c:1644:6:HAL_SAI_RxCpltCallback	16	static
../Core/Src/main.c:1661:6:StartDefaultTask	16	static
../Core/Src/main.c:1676:6:MPU_Config	24	static
../Core/Src/main.c:1711:6:HAL_TIM_PeriodElapsedCallback	16	static
../Core/Src/main.c:1729:6:Error_Handler	4	static,ignoring_inline_asm
