../Core/Src/stm32f7xx_hal_msp.c:65:6:HAL_MspInit	16	static
../Core/Src/stm32f7xx_hal_msp.c:90:6:HAL_ADC_MspInit	48	static
../Core/Src/stm32f7xx_hal_msp.c:136:6:HAL_ADC_MspDeInit	16	static
../Core/Src/stm32f7xx_hal_msp.c:172:6:HAL_CRC_MspInit	24	static
../Core/Src/stm32f7xx_hal_msp.c:195:6:HAL_CRC_MspDeInit	16	static
../Core/Src/stm32f7xx_hal_msp.c:217:6:HAL_DCMI_MspInit	64	static
../Core/Src/stm32f7xx_hal_msp.c:296:6:HAL_DCMI_MspDeInit	16	static
../Core/Src/stm32f7xx_hal_msp.c:343:6:HAL_DMA2D_MspInit	24	static
../Core/Src/stm32f7xx_hal_msp.c:369:6:HAL_DMA2D_MspDeInit	16	static
../Core/Src/stm32f7xx_hal_msp.c:394:6:HAL_ETH_MspInit	64	static
../Core/Src/stm32f7xx_hal_msp.c:454:6:HAL_ETH_MspDeInit	16	static
../Core/Src/stm32f7xx_hal_msp.c:494:6:HAL_I2C_MspInit	184	static
../Core/Src/stm32f7xx_hal_msp.c:573:6:HAL_I2C_MspDeInit	16	static
../Core/Src/stm32f7xx_hal_msp.c:624:6:HAL_LTDC_MspInit	64	static
../Core/Src/stm32f7xx_hal_msp.c:726:6:HAL_LTDC_MspDeInit	16	static
../Core/Src/stm32f7xx_hal_msp.c:795:6:HAL_QSPI_MspInit	56	static
../Core/Src/stm32f7xx_hal_msp.c:859:6:HAL_QSPI_MspDeInit	16	static
../Core/Src/stm32f7xx_hal_msp.c:896:6:HAL_RTC_MspInit	152	static
../Core/Src/stm32f7xx_hal_msp.c:930:6:HAL_RTC_MspDeInit	16	static
../Core/Src/stm32f7xx_hal_msp.c:952:6:HAL_SD_MspInit	48	static
../Core/Src/stm32f7xx_hal_msp.c:1002:6:HAL_SD_MspDeInit	16	static
../Core/Src/stm32f7xx_hal_msp.c:1038:6:HAL_SPDIFRX_MspInit	176	static
../Core/Src/stm32f7xx_hal_msp.c:1089:6:HAL_SPDIFRX_MspDeInit	16	static
../Core/Src/stm32f7xx_hal_msp.c:1117:6:HAL_SPI_MspInit	48	static
../Core/Src/stm32f7xx_hal_msp.c:1163:6:HAL_SPI_MspDeInit	16	static
../Core/Src/stm32f7xx_hal_msp.c:1195:6:HAL_TIM_Base_MspInit	40	static
../Core/Src/stm32f7xx_hal_msp.c:1261:6:HAL_TIM_PWM_MspInit	24	static
../Core/Src/stm32f7xx_hal_msp.c:1278:6:HAL_TIM_MspPostInit	56	static
../Core/Src/stm32f7xx_hal_msp.c:1393:6:HAL_TIM_Base_MspDeInit	16	static
../Core/Src/stm32f7xx_hal_msp.c:1459:6:HAL_TIM_PWM_MspDeInit	16	static
../Core/Src/stm32f7xx_hal_msp.c:1481:6:HAL_UART_MspInit	192	static
../Core/Src/stm32f7xx_hal_msp.c:1570:6:HAL_UART_MspDeInit	16	static
../Core/Src/stm32f7xx_hal_msp.c:1615:13:HAL_FMC_MspInit	32	static
../Core/Src/stm32f7xx_hal_msp.c:1721:6:HAL_SDRAM_MspInit	16	static
../Core/Src/stm32f7xx_hal_msp.c:1733:13:HAL_FMC_MspDeInit	8	static
../Core/Src/stm32f7xx_hal_msp.c:1807:6:HAL_SDRAM_MspDeInit	16	static
../Core/Src/stm32f7xx_hal_msp.c:1823:6:HAL_SAI_MspInit	48	static
../Core/Src/stm32f7xx_hal_msp.c:1917:6:HAL_SAI_MspDeInit	16	static
